// Jest Snapshot v1, https://goo.gl/fbAQLP

exports[`CardContainer matches the snapshot 1`] = `
ShallowWrapper {
  Symbol(enzyme.__root__): [Circular],
  Symbol(enzyme.__unrendered__): <CardContainer
    displayData={
        Array [
            Object {
              "location": "NorthCarolina",
              "stats": Object {
                "1999": 0.007,
                "2099": 1.999,
              },
            },
            Object {
              "location": "VIRGINIA",
              "stats": Object {
                "1909": 0.107,
                "3999": 5.999,
              },
            },
          ]
    }
/>,
  Symbol(enzyme.__renderer__): Object {
    "batchedUpdates": [Function],
    "getNode": [Function],
    "render": [Function],
    "simulateError": [Function],
    "simulateEvent": [Function],
    "unmount": [Function],
  },
  Symbol(enzyme.__node__): Object {
    "instance": null,
    "key": undefined,
    "nodeType": "host",
    "props": Object {
      "children": Array [
        <h3
          className="cardContainerHeading"
>
          Data for Each District Contained Here
</h3>,
        <section
          className="cardContainer-grid"
>
          <Card
                    location="NorthCarolina"
                    stats={
                              Object {
                                        "1999": 0.007,
                                        "2099": 1.999,
                                      }
                    }
          />
          <Card
                    location="VIRGINIA"
                    stats={
                              Object {
                                        "1909": 0.107,
                                        "3999": 5.999,
                                      }
                    }
          />
</section>,
      ],
    },
    "ref": null,
    "rendered": Array [
      Object {
        "instance": null,
        "key": undefined,
        "nodeType": "host",
        "props": Object {
          "children": "Data for Each District Contained Here",
          "className": "cardContainerHeading",
        },
        "ref": null,
        "rendered": "Data for Each District Contained Here",
        "type": "h3",
      },
      Object {
        "instance": null,
        "key": undefined,
        "nodeType": "host",
        "props": Object {
          "children": Array [
            <Card
              location="NorthCarolina"
              stats={
                            Object {
                                          "1999": 0.007,
                                          "2099": 1.999,
                                        }
              }
/>,
            <Card
              location="VIRGINIA"
              stats={
                            Object {
                                          "1909": 0.107,
                                          "3999": 5.999,
                                        }
              }
/>,
          ],
          "className": "cardContainer-grid",
        },
        "ref": null,
        "rendered": Array [
          Object {
            "instance": null,
            "key": "1543612466667",
            "nodeType": "function",
            "props": Object {
              "location": "NorthCarolina",
              "stats": Object {
                "1999": 0.007,
                "2099": 1.999,
              },
            },
            "ref": null,
            "rendered": null,
            "type": [Function],
          },
          Object {
            "instance": null,
            "key": "1543612466667",
            "nodeType": "function",
            "props": Object {
              "location": "VIRGINIA",
              "stats": Object {
                "1909": 0.107,
                "3999": 5.999,
              },
            },
            "ref": null,
            "rendered": null,
            "type": [Function],
          },
        ],
        "type": "section",
      },
    ],
    "type": "div",
  },
  Symbol(enzyme.__nodes__): Array [
    Object {
      "instance": null,
      "key": undefined,
      "nodeType": "host",
      "props": Object {
        "children": Array [
          <h3
            className="cardContainerHeading"
>
            Data for Each District Contained Here
</h3>,
          <section
            className="cardContainer-grid"
>
            <Card
                        location="NorthCarolina"
                        stats={
                                    Object {
                                                "1999": 0.007,
                                                "2099": 1.999,
                                              }
                        }
            />
            <Card
                        location="VIRGINIA"
                        stats={
                                    Object {
                                                "1909": 0.107,
                                                "3999": 5.999,
                                              }
                        }
            />
</section>,
        ],
      },
      "ref": null,
      "rendered": Array [
        Object {
          "instance": null,
          "key": undefined,
          "nodeType": "host",
          "props": Object {
            "children": "Data for Each District Contained Here",
            "className": "cardContainerHeading",
          },
          "ref": null,
          "rendered": "Data for Each District Contained Here",
          "type": "h3",
        },
        Object {
          "instance": null,
          "key": undefined,
          "nodeType": "host",
          "props": Object {
            "children": Array [
              <Card
                location="NorthCarolina"
                stats={
                                Object {
                                                "1999": 0.007,
                                                "2099": 1.999,
                                              }
                }
/>,
              <Card
                location="VIRGINIA"
                stats={
                                Object {
                                                "1909": 0.107,
                                                "3999": 5.999,
                                              }
                }
/>,
            ],
            "className": "cardContainer-grid",
          },
          "ref": null,
          "rendered": Array [
            Object {
              "instance": null,
              "key": "1543612466667",
              "nodeType": "function",
              "props": Object {
                "location": "NorthCarolina",
                "stats": Object {
                  "1999": 0.007,
                  "2099": 1.999,
                },
              },
              "ref": null,
              "rendered": null,
              "type": [Function],
            },
            Object {
              "instance": null,
              "key": "1543612466667",
              "nodeType": "function",
              "props": Object {
                "location": "VIRGINIA",
                "stats": Object {
                  "1909": 0.107,
                  "3999": 5.999,
                },
              },
              "ref": null,
              "rendered": null,
              "type": [Function],
            },
          ],
          "type": "section",
        },
      ],
      "type": "div",
    },
  ],
  Symbol(enzyme.__options__): Object {
    "adapter": ReactSixteenAdapter {
      "options": Object {
        "enableComponentDidUpdateOnSetState": true,
        "lifecycles": Object {
          "componentDidUpdate": Object {
            "onSetState": true,
          },
          "getDerivedStateFromProps": true,
          "getSnapshotBeforeUpdate": true,
          "setState": Object {
            "skipsComponentDidUpdateOnNullish": true,
          },
        },
      },
    },
  },
}
`;
